---
http_interactions:
- request:
    method: get
    uri: https://api.stripe.com/v1/customers/cus_7QbAaReJ8NlEZS
    body:
      encoding: US-ASCII
      string: ''
    headers:
      Accept:
      - "*/*; q=0.5, application/xml"
      Accept-Encoding:
      - gzip, deflate
      User-Agent:
      - Stripe/v1 RubyBindings/1.31.0
      Authorization:
      - Bearer sk_test_Kjoh9ZEB49K8Bsvc1lxWrlNP
      Content-Type:
      - application/x-www-form-urlencoded
      X-Stripe-Client-User-Agent:
      - '{"bindings_version":"1.31.0","lang":"ruby","lang_version":"2.2.3 p173 (2015-08-18)","platform":"x86_64-darwin15","engine":"ruby","publisher":"stripe","uname":"Darwin
        MacBook-Pro-2.local 15.0.0 Darwin Kernel Version 15.0.0: Sat Sep 19 15:53:46
        PDT 2015; root:xnu-3247.10.11~1/RELEASE_X86_64 x86_64","hostname":"MacBook-Pro-2.local"}'
  response:
    status:
      code: 200
      message: OK
    headers:
      Server:
      - nginx
      Date:
      - Sat, 28 Nov 2015 11:53:21 GMT
      Content-Type:
      - application/json
      Content-Length:
      - '2238'
      Connection:
      - keep-alive
      Access-Control-Allow-Credentials:
      - 'true'
      Access-Control-Allow-Methods:
      - GET, POST, HEAD, OPTIONS, DELETE
      Access-Control-Allow-Origin:
      - "*"
      Access-Control-Max-Age:
      - '300'
      Cache-Control:
      - no-cache, no-store
      Request-Id:
      - req_7QzFJdgHph2k6a
      Stripe-Version:
      - '2015-02-18'
      Strict-Transport-Security:
      - max-age=31556926; includeSubDomains
    body:
      encoding: UTF-8
      string: |
        {
          "id": "cus_7QbAaReJ8NlEZS",
          "object": "customer",
          "account_balance": 0,
          "created": 1448622031,
          "currency": null,
          "default_source": "card_17C6lmAR2MipIX2icipA4gC0",
          "delinquent": false,
          "description": "Company: test@test.com, Signup UUID: HlxTBnjmKKa5ufwvOn0UoQ",
          "discount": null,
          "email": "test@test.com",
          "livemode": false,
          "metadata": {},
          "shipping": null,
          "sources": {
            "object": "list",
            "data": [
              {
                "id": "card_17C6lmAR2MipIX2icipA4gC0",
                "object": "card",
                "address_city": null,
                "address_country": null,
                "address_line1": null,
                "address_line1_check": null,
                "address_line2": null,
                "address_state": null,
                "address_zip": null,
                "address_zip_check": null,
                "brand": "Visa",
                "country": "US",
                "customer": "cus_7QbAaReJ8NlEZS",
                "cvc_check": "pass",
                "dynamic_last4": null,
                "exp_month": 11,
                "exp_year": 2016,
                "fingerprint": "rZWf0KlzqKcbIp10",
                "funding": "credit",
                "last4": "4242",
                "metadata": {
                  "last_verified": "2015-11-28 11:32:42 UTC"
                },
                "name": null,
                "tokenization_method": null
              },
              {
                "id": "card_17C6wQAR2MipIX2iOcCGKqBI",
                "object": "card",
                "address_city": null,
                "address_country": null,
                "address_line1": null,
                "address_line1_check": null,
                "address_line2": null,
                "address_state": null,
                "address_zip": null,
                "address_zip_check": null,
                "brand": "Visa",
                "country": "US",
                "customer": "cus_7QbAaReJ8NlEZS",
                "cvc_check": "pass",
                "dynamic_last4": null,
                "exp_month": 3,
                "exp_year": 2016,
                "fingerprint": "muiIRXrkvPfO6nTr",
                "funding": "credit",
                "last4": "1881",
                "metadata": {},
                "name": null,
                "tokenization_method": null
              }
            ],
            "has_more": false,
            "total_count": 2,
            "url": "/v1/customers/cus_7QbAaReJ8NlEZS/sources"
          },
          "subscriptions": {
            "object": "list",
            "data": [],
            "has_more": false,
            "total_count": 0,
            "url": "/v1/customers/cus_7QbAaReJ8NlEZS/subscriptions"
          }
        }
    http_version: 
  recorded_at: Sat, 28 Nov 2015 11:53:22 GMT
- request:
    method: get
    uri: https://api.stripe.com/v1/customers/cus_7QbAaReJ8NlEZS/sources?object=card
    body:
      encoding: US-ASCII
      string: ''
    headers:
      Accept:
      - "*/*; q=0.5, application/xml"
      Accept-Encoding:
      - gzip, deflate
      User-Agent:
      - Stripe/v1 RubyBindings/1.31.0
      Authorization:
      - Bearer sk_test_Kjoh9ZEB49K8Bsvc1lxWrlNP
      Content-Type:
      - application/x-www-form-urlencoded
      X-Stripe-Client-User-Agent:
      - '{"bindings_version":"1.31.0","lang":"ruby","lang_version":"2.2.3 p173 (2015-08-18)","platform":"x86_64-darwin15","engine":"ruby","publisher":"stripe","uname":"Darwin
        MacBook-Pro-2.local 15.0.0 Darwin Kernel Version 15.0.0: Sat Sep 19 15:53:46
        PDT 2015; root:xnu-3247.10.11~1/RELEASE_X86_64 x86_64","hostname":"MacBook-Pro-2.local"}'
  response:
    status:
      code: 200
      message: OK
    headers:
      Server:
      - nginx
      Date:
      - Sat, 28 Nov 2015 11:53:22 GMT
      Content-Type:
      - application/json
      Content-Length:
      - '1528'
      Connection:
      - keep-alive
      Access-Control-Allow-Credentials:
      - 'true'
      Access-Control-Allow-Methods:
      - GET, POST, HEAD, OPTIONS, DELETE
      Access-Control-Allow-Origin:
      - "*"
      Access-Control-Max-Age:
      - '300'
      Cache-Control:
      - no-cache, no-store
      Request-Id:
      - req_7QzFvTW0AEMCUi
      Stripe-Version:
      - '2015-02-18'
      Strict-Transport-Security:
      - max-age=31556926; includeSubDomains
    body:
      encoding: UTF-8
      string: |
        {
          "object": "list",
          "data": [
            {
              "id": "card_17C6lmAR2MipIX2icipA4gC0",
              "object": "card",
              "address_city": null,
              "address_country": null,
              "address_line1": null,
              "address_line1_check": null,
              "address_line2": null,
              "address_state": null,
              "address_zip": null,
              "address_zip_check": null,
              "brand": "Visa",
              "country": "US",
              "customer": "cus_7QbAaReJ8NlEZS",
              "cvc_check": "pass",
              "dynamic_last4": null,
              "exp_month": 11,
              "exp_year": 2016,
              "fingerprint": "rZWf0KlzqKcbIp10",
              "funding": "credit",
              "last4": "4242",
              "metadata": {
                "last_verified": "2015-11-28 11:32:42 UTC"
              },
              "name": null,
              "tokenization_method": null
            },
            {
              "id": "card_17C6wQAR2MipIX2iOcCGKqBI",
              "object": "card",
              "address_city": null,
              "address_country": null,
              "address_line1": null,
              "address_line1_check": null,
              "address_line2": null,
              "address_state": null,
              "address_zip": null,
              "address_zip_check": null,
              "brand": "Visa",
              "country": "US",
              "customer": "cus_7QbAaReJ8NlEZS",
              "cvc_check": "pass",
              "dynamic_last4": null,
              "exp_month": 3,
              "exp_year": 2016,
              "fingerprint": "muiIRXrkvPfO6nTr",
              "funding": "credit",
              "last4": "1881",
              "metadata": {},
              "name": null,
              "tokenization_method": null
            }
          ],
          "has_more": false,
          "url": "/v1/customers/cus_7QbAaReJ8NlEZS/sources"
        }
    http_version: 
  recorded_at: Sat, 28 Nov 2015 11:53:23 GMT
- request:
    method: post
    uri: https://api.stripe.com/v1/customers/cus_7QbAaReJ8NlEZS/sources/card_17C6lmAR2MipIX2icipA4gC0
    body:
      encoding: US-ASCII
      string: metadata[last_verified]=2015-11-28+11%3A53%3A23+UTC
    headers:
      Accept:
      - "*/*; q=0.5, application/xml"
      Accept-Encoding:
      - gzip, deflate
      User-Agent:
      - Stripe/v1 RubyBindings/1.31.0
      Authorization:
      - Bearer sk_test_Kjoh9ZEB49K8Bsvc1lxWrlNP
      Content-Type:
      - application/x-www-form-urlencoded
      X-Stripe-Client-User-Agent:
      - '{"bindings_version":"1.31.0","lang":"ruby","lang_version":"2.2.3 p173 (2015-08-18)","platform":"x86_64-darwin15","engine":"ruby","publisher":"stripe","uname":"Darwin
        MacBook-Pro-2.local 15.0.0 Darwin Kernel Version 15.0.0: Sat Sep 19 15:53:46
        PDT 2015; root:xnu-3247.10.11~1/RELEASE_X86_64 x86_64","hostname":"MacBook-Pro-2.local"}'
      Content-Length:
      - '51'
  response:
    status:
      code: 200
      message: OK
    headers:
      Server:
      - nginx
      Date:
      - Sat, 28 Nov 2015 11:53:23 GMT
      Content-Type:
      - application/json
      Content-Length:
      - '628'
      Connection:
      - keep-alive
      Access-Control-Allow-Credentials:
      - 'true'
      Access-Control-Allow-Methods:
      - GET, POST, HEAD, OPTIONS, DELETE
      Access-Control-Allow-Origin:
      - "*"
      Access-Control-Max-Age:
      - '300'
      Cache-Control:
      - no-cache, no-store
      Request-Id:
      - req_7QzFDO4P9WHDks
      Stripe-Version:
      - '2015-02-18'
      Strict-Transport-Security:
      - max-age=31556926; includeSubDomains
    body:
      encoding: UTF-8
      string: |
        {
          "id": "card_17C6lmAR2MipIX2icipA4gC0",
          "object": "card",
          "address_city": null,
          "address_country": null,
          "address_line1": null,
          "address_line1_check": null,
          "address_line2": null,
          "address_state": null,
          "address_zip": null,
          "address_zip_check": null,
          "brand": "Visa",
          "country": "US",
          "customer": "cus_7QbAaReJ8NlEZS",
          "cvc_check": "pass",
          "dynamic_last4": null,
          "exp_month": 11,
          "exp_year": 2016,
          "fingerprint": "rZWf0KlzqKcbIp10",
          "funding": "credit",
          "last4": "4242",
          "metadata": {
            "last_verified": "2015-11-28 11:53:23 UTC"
          },
          "name": null,
          "tokenization_method": null
        }
    http_version: 
  recorded_at: Sat, 28 Nov 2015 11:53:23 GMT
- request:
    method: get
    uri: https://api.stripe.com/v1/customers/cus_7QbAaReJ8NlEZS
    body:
      encoding: US-ASCII
      string: ''
    headers:
      Accept:
      - "*/*; q=0.5, application/xml"
      Accept-Encoding:
      - gzip, deflate
      User-Agent:
      - Stripe/v1 RubyBindings/1.31.0
      Authorization:
      - Bearer sk_test_Kjoh9ZEB49K8Bsvc1lxWrlNP
      Content-Type:
      - application/x-www-form-urlencoded
      X-Stripe-Client-User-Agent:
      - '{"bindings_version":"1.31.0","lang":"ruby","lang_version":"2.2.3 p173 (2015-08-18)","platform":"x86_64-darwin15","engine":"ruby","publisher":"stripe","uname":"Darwin
        MacBook-Pro-2.local 15.0.0 Darwin Kernel Version 15.0.0: Sat Sep 19 15:53:46
        PDT 2015; root:xnu-3247.10.11~1/RELEASE_X86_64 x86_64","hostname":"MacBook-Pro-2.local"}'
  response:
    status:
      code: 200
      message: OK
    headers:
      Server:
      - nginx
      Date:
      - Sat, 28 Nov 2015 11:53:24 GMT
      Content-Type:
      - application/json
      Content-Length:
      - '2238'
      Connection:
      - keep-alive
      Access-Control-Allow-Credentials:
      - 'true'
      Access-Control-Allow-Methods:
      - GET, POST, HEAD, OPTIONS, DELETE
      Access-Control-Allow-Origin:
      - "*"
      Access-Control-Max-Age:
      - '300'
      Cache-Control:
      - no-cache, no-store
      Request-Id:
      - req_7QzFWxkdI4Ku96
      Stripe-Version:
      - '2015-02-18'
      Strict-Transport-Security:
      - max-age=31556926; includeSubDomains
    body:
      encoding: UTF-8
      string: |
        {
          "id": "cus_7QbAaReJ8NlEZS",
          "object": "customer",
          "account_balance": 0,
          "created": 1448622031,
          "currency": null,
          "default_source": "card_17C6lmAR2MipIX2icipA4gC0",
          "delinquent": false,
          "description": "Company: test@test.com, Signup UUID: HlxTBnjmKKa5ufwvOn0UoQ",
          "discount": null,
          "email": "test@test.com",
          "livemode": false,
          "metadata": {},
          "shipping": null,
          "sources": {
            "object": "list",
            "data": [
              {
                "id": "card_17C6lmAR2MipIX2icipA4gC0",
                "object": "card",
                "address_city": null,
                "address_country": null,
                "address_line1": null,
                "address_line1_check": null,
                "address_line2": null,
                "address_state": null,
                "address_zip": null,
                "address_zip_check": null,
                "brand": "Visa",
                "country": "US",
                "customer": "cus_7QbAaReJ8NlEZS",
                "cvc_check": "pass",
                "dynamic_last4": null,
                "exp_month": 11,
                "exp_year": 2016,
                "fingerprint": "rZWf0KlzqKcbIp10",
                "funding": "credit",
                "last4": "4242",
                "metadata": {
                  "last_verified": "2015-11-28 11:53:23 UTC"
                },
                "name": null,
                "tokenization_method": null
              },
              {
                "id": "card_17C6wQAR2MipIX2iOcCGKqBI",
                "object": "card",
                "address_city": null,
                "address_country": null,
                "address_line1": null,
                "address_line1_check": null,
                "address_line2": null,
                "address_state": null,
                "address_zip": null,
                "address_zip_check": null,
                "brand": "Visa",
                "country": "US",
                "customer": "cus_7QbAaReJ8NlEZS",
                "cvc_check": "pass",
                "dynamic_last4": null,
                "exp_month": 3,
                "exp_year": 2016,
                "fingerprint": "muiIRXrkvPfO6nTr",
                "funding": "credit",
                "last4": "1881",
                "metadata": {},
                "name": null,
                "tokenization_method": null
              }
            ],
            "has_more": false,
            "total_count": 2,
            "url": "/v1/customers/cus_7QbAaReJ8NlEZS/sources"
          },
          "subscriptions": {
            "object": "list",
            "data": [],
            "has_more": false,
            "total_count": 0,
            "url": "/v1/customers/cus_7QbAaReJ8NlEZS/subscriptions"
          }
        }
    http_version: 
  recorded_at: Sat, 28 Nov 2015 11:53:24 GMT
- request:
    method: get
    uri: https://api.stripe.com/v1/customers/cus_7QbAaReJ8NlEZS/sources?object=card
    body:
      encoding: US-ASCII
      string: ''
    headers:
      Accept:
      - "*/*; q=0.5, application/xml"
      Accept-Encoding:
      - gzip, deflate
      User-Agent:
      - Stripe/v1 RubyBindings/1.31.0
      Authorization:
      - Bearer sk_test_Kjoh9ZEB49K8Bsvc1lxWrlNP
      Content-Type:
      - application/x-www-form-urlencoded
      X-Stripe-Client-User-Agent:
      - '{"bindings_version":"1.31.0","lang":"ruby","lang_version":"2.2.3 p173 (2015-08-18)","platform":"x86_64-darwin15","engine":"ruby","publisher":"stripe","uname":"Darwin
        MacBook-Pro-2.local 15.0.0 Darwin Kernel Version 15.0.0: Sat Sep 19 15:53:46
        PDT 2015; root:xnu-3247.10.11~1/RELEASE_X86_64 x86_64","hostname":"MacBook-Pro-2.local"}'
  response:
    status:
      code: 200
      message: OK
    headers:
      Server:
      - nginx
      Date:
      - Sat, 28 Nov 2015 11:53:25 GMT
      Content-Type:
      - application/json
      Content-Length:
      - '1528'
      Connection:
      - keep-alive
      Access-Control-Allow-Credentials:
      - 'true'
      Access-Control-Allow-Methods:
      - GET, POST, HEAD, OPTIONS, DELETE
      Access-Control-Allow-Origin:
      - "*"
      Access-Control-Max-Age:
      - '300'
      Cache-Control:
      - no-cache, no-store
      Request-Id:
      - req_7QzF5L3YWsovdI
      Stripe-Version:
      - '2015-02-18'
      Strict-Transport-Security:
      - max-age=31556926; includeSubDomains
    body:
      encoding: UTF-8
      string: |
        {
          "object": "list",
          "data": [
            {
              "id": "card_17C6lmAR2MipIX2icipA4gC0",
              "object": "card",
              "address_city": null,
              "address_country": null,
              "address_line1": null,
              "address_line1_check": null,
              "address_line2": null,
              "address_state": null,
              "address_zip": null,
              "address_zip_check": null,
              "brand": "Visa",
              "country": "US",
              "customer": "cus_7QbAaReJ8NlEZS",
              "cvc_check": "pass",
              "dynamic_last4": null,
              "exp_month": 11,
              "exp_year": 2016,
              "fingerprint": "rZWf0KlzqKcbIp10",
              "funding": "credit",
              "last4": "4242",
              "metadata": {
                "last_verified": "2015-11-28 11:53:23 UTC"
              },
              "name": null,
              "tokenization_method": null
            },
            {
              "id": "card_17C6wQAR2MipIX2iOcCGKqBI",
              "object": "card",
              "address_city": null,
              "address_country": null,
              "address_line1": null,
              "address_line1_check": null,
              "address_line2": null,
              "address_state": null,
              "address_zip": null,
              "address_zip_check": null,
              "brand": "Visa",
              "country": "US",
              "customer": "cus_7QbAaReJ8NlEZS",
              "cvc_check": "pass",
              "dynamic_last4": null,
              "exp_month": 3,
              "exp_year": 2016,
              "fingerprint": "muiIRXrkvPfO6nTr",
              "funding": "credit",
              "last4": "1881",
              "metadata": {},
              "name": null,
              "tokenization_method": null
            }
          ],
          "has_more": false,
          "url": "/v1/customers/cus_7QbAaReJ8NlEZS/sources"
        }
    http_version: 
  recorded_at: Sat, 28 Nov 2015 11:53:25 GMT
- request:
    method: post
    uri: https://api.stripe.com/v1/customers/cus_7QbAaReJ8NlEZS/sources/card_17C6lmAR2MipIX2icipA4gC0
    body:
      encoding: US-ASCII
      string: metadata[last_verified]=2015-11-28+11%3A53%3A25+UTC
    headers:
      Accept:
      - "*/*; q=0.5, application/xml"
      Accept-Encoding:
      - gzip, deflate
      User-Agent:
      - Stripe/v1 RubyBindings/1.31.0
      Authorization:
      - Bearer sk_test_Kjoh9ZEB49K8Bsvc1lxWrlNP
      Content-Type:
      - application/x-www-form-urlencoded
      X-Stripe-Client-User-Agent:
      - '{"bindings_version":"1.31.0","lang":"ruby","lang_version":"2.2.3 p173 (2015-08-18)","platform":"x86_64-darwin15","engine":"ruby","publisher":"stripe","uname":"Darwin
        MacBook-Pro-2.local 15.0.0 Darwin Kernel Version 15.0.0: Sat Sep 19 15:53:46
        PDT 2015; root:xnu-3247.10.11~1/RELEASE_X86_64 x86_64","hostname":"MacBook-Pro-2.local"}'
      Content-Length:
      - '51'
  response:
    status:
      code: 200
      message: OK
    headers:
      Server:
      - nginx
      Date:
      - Sat, 28 Nov 2015 11:53:26 GMT
      Content-Type:
      - application/json
      Content-Length:
      - '628'
      Connection:
      - keep-alive
      Access-Control-Allow-Credentials:
      - 'true'
      Access-Control-Allow-Methods:
      - GET, POST, HEAD, OPTIONS, DELETE
      Access-Control-Allow-Origin:
      - "*"
      Access-Control-Max-Age:
      - '300'
      Cache-Control:
      - no-cache, no-store
      Request-Id:
      - req_7QzFmpzrJ1yV1j
      Stripe-Version:
      - '2015-02-18'
      Strict-Transport-Security:
      - max-age=31556926; includeSubDomains
    body:
      encoding: UTF-8
      string: |
        {
          "id": "card_17C6lmAR2MipIX2icipA4gC0",
          "object": "card",
          "address_city": null,
          "address_country": null,
          "address_line1": null,
          "address_line1_check": null,
          "address_line2": null,
          "address_state": null,
          "address_zip": null,
          "address_zip_check": null,
          "brand": "Visa",
          "country": "US",
          "customer": "cus_7QbAaReJ8NlEZS",
          "cvc_check": "pass",
          "dynamic_last4": null,
          "exp_month": 11,
          "exp_year": 2016,
          "fingerprint": "rZWf0KlzqKcbIp10",
          "funding": "credit",
          "last4": "4242",
          "metadata": {
            "last_verified": "2015-11-28 11:53:25 UTC"
          },
          "name": null,
          "tokenization_method": null
        }
    http_version: 
  recorded_at: Sat, 28 Nov 2015 11:53:26 GMT
- request:
    method: get
    uri: https://api.stripe.com/v1/customers/cus_7QbAaReJ8NlEZS
    body:
      encoding: US-ASCII
      string: ''
    headers:
      Accept:
      - "*/*; q=0.5, application/xml"
      Accept-Encoding:
      - gzip, deflate
      User-Agent:
      - Stripe/v1 RubyBindings/1.31.0
      Authorization:
      - Bearer sk_test_Kjoh9ZEB49K8Bsvc1lxWrlNP
      Content-Type:
      - application/x-www-form-urlencoded
      X-Stripe-Client-User-Agent:
      - '{"bindings_version":"1.31.0","lang":"ruby","lang_version":"2.2.3 p173 (2015-08-18)","platform":"x86_64-darwin15","engine":"ruby","publisher":"stripe","uname":"Darwin
        MacBook-Pro-2.local 15.0.0 Darwin Kernel Version 15.0.0: Sat Sep 19 15:53:46
        PDT 2015; root:xnu-3247.10.11~1/RELEASE_X86_64 x86_64","hostname":"MacBook-Pro-2.local"}'
  response:
    status:
      code: 200
      message: OK
    headers:
      Server:
      - nginx
      Date:
      - Sat, 28 Nov 2015 11:53:27 GMT
      Content-Type:
      - application/json
      Content-Length:
      - '2238'
      Connection:
      - keep-alive
      Access-Control-Allow-Credentials:
      - 'true'
      Access-Control-Allow-Methods:
      - GET, POST, HEAD, OPTIONS, DELETE
      Access-Control-Allow-Origin:
      - "*"
      Access-Control-Max-Age:
      - '300'
      Cache-Control:
      - no-cache, no-store
      Request-Id:
      - req_7QzFyP7nD1bxSE
      Stripe-Version:
      - '2015-02-18'
      Strict-Transport-Security:
      - max-age=31556926; includeSubDomains
    body:
      encoding: UTF-8
      string: |
        {
          "id": "cus_7QbAaReJ8NlEZS",
          "object": "customer",
          "account_balance": 0,
          "created": 1448622031,
          "currency": null,
          "default_source": "card_17C6lmAR2MipIX2icipA4gC0",
          "delinquent": false,
          "description": "Company: test@test.com, Signup UUID: HlxTBnjmKKa5ufwvOn0UoQ",
          "discount": null,
          "email": "test@test.com",
          "livemode": false,
          "metadata": {},
          "shipping": null,
          "sources": {
            "object": "list",
            "data": [
              {
                "id": "card_17C6lmAR2MipIX2icipA4gC0",
                "object": "card",
                "address_city": null,
                "address_country": null,
                "address_line1": null,
                "address_line1_check": null,
                "address_line2": null,
                "address_state": null,
                "address_zip": null,
                "address_zip_check": null,
                "brand": "Visa",
                "country": "US",
                "customer": "cus_7QbAaReJ8NlEZS",
                "cvc_check": "pass",
                "dynamic_last4": null,
                "exp_month": 11,
                "exp_year": 2016,
                "fingerprint": "rZWf0KlzqKcbIp10",
                "funding": "credit",
                "last4": "4242",
                "metadata": {
                  "last_verified": "2015-11-28 11:53:25 UTC"
                },
                "name": null,
                "tokenization_method": null
              },
              {
                "id": "card_17C6wQAR2MipIX2iOcCGKqBI",
                "object": "card",
                "address_city": null,
                "address_country": null,
                "address_line1": null,
                "address_line1_check": null,
                "address_line2": null,
                "address_state": null,
                "address_zip": null,
                "address_zip_check": null,
                "brand": "Visa",
                "country": "US",
                "customer": "cus_7QbAaReJ8NlEZS",
                "cvc_check": "pass",
                "dynamic_last4": null,
                "exp_month": 3,
                "exp_year": 2016,
                "fingerprint": "muiIRXrkvPfO6nTr",
                "funding": "credit",
                "last4": "1881",
                "metadata": {},
                "name": null,
                "tokenization_method": null
              }
            ],
            "has_more": false,
            "total_count": 2,
            "url": "/v1/customers/cus_7QbAaReJ8NlEZS/sources"
          },
          "subscriptions": {
            "object": "list",
            "data": [],
            "has_more": false,
            "total_count": 0,
            "url": "/v1/customers/cus_7QbAaReJ8NlEZS/subscriptions"
          }
        }
    http_version: 
  recorded_at: Sat, 28 Nov 2015 11:53:27 GMT
- request:
    method: get
    uri: https://api.stripe.com/v1/customers/cus_7QbAaReJ8NlEZS/sources?object=card
    body:
      encoding: US-ASCII
      string: ''
    headers:
      Accept:
      - "*/*; q=0.5, application/xml"
      Accept-Encoding:
      - gzip, deflate
      User-Agent:
      - Stripe/v1 RubyBindings/1.31.0
      Authorization:
      - Bearer sk_test_Kjoh9ZEB49K8Bsvc1lxWrlNP
      Content-Type:
      - application/x-www-form-urlencoded
      X-Stripe-Client-User-Agent:
      - '{"bindings_version":"1.31.0","lang":"ruby","lang_version":"2.2.3 p173 (2015-08-18)","platform":"x86_64-darwin15","engine":"ruby","publisher":"stripe","uname":"Darwin
        MacBook-Pro-2.local 15.0.0 Darwin Kernel Version 15.0.0: Sat Sep 19 15:53:46
        PDT 2015; root:xnu-3247.10.11~1/RELEASE_X86_64 x86_64","hostname":"MacBook-Pro-2.local"}'
  response:
    status:
      code: 200
      message: OK
    headers:
      Server:
      - nginx
      Date:
      - Sat, 28 Nov 2015 11:53:28 GMT
      Content-Type:
      - application/json
      Content-Length:
      - '1528'
      Connection:
      - keep-alive
      Access-Control-Allow-Credentials:
      - 'true'
      Access-Control-Allow-Methods:
      - GET, POST, HEAD, OPTIONS, DELETE
      Access-Control-Allow-Origin:
      - "*"
      Access-Control-Max-Age:
      - '300'
      Cache-Control:
      - no-cache, no-store
      Request-Id:
      - req_7QzFhzyjubQNRj
      Stripe-Version:
      - '2015-02-18'
      Strict-Transport-Security:
      - max-age=31556926; includeSubDomains
    body:
      encoding: UTF-8
      string: |
        {
          "object": "list",
          "data": [
            {
              "id": "card_17C6lmAR2MipIX2icipA4gC0",
              "object": "card",
              "address_city": null,
              "address_country": null,
              "address_line1": null,
              "address_line1_check": null,
              "address_line2": null,
              "address_state": null,
              "address_zip": null,
              "address_zip_check": null,
              "brand": "Visa",
              "country": "US",
              "customer": "cus_7QbAaReJ8NlEZS",
              "cvc_check": "pass",
              "dynamic_last4": null,
              "exp_month": 11,
              "exp_year": 2016,
              "fingerprint": "rZWf0KlzqKcbIp10",
              "funding": "credit",
              "last4": "4242",
              "metadata": {
                "last_verified": "2015-11-28 11:53:25 UTC"
              },
              "name": null,
              "tokenization_method": null
            },
            {
              "id": "card_17C6wQAR2MipIX2iOcCGKqBI",
              "object": "card",
              "address_city": null,
              "address_country": null,
              "address_line1": null,
              "address_line1_check": null,
              "address_line2": null,
              "address_state": null,
              "address_zip": null,
              "address_zip_check": null,
              "brand": "Visa",
              "country": "US",
              "customer": "cus_7QbAaReJ8NlEZS",
              "cvc_check": "pass",
              "dynamic_last4": null,
              "exp_month": 3,
              "exp_year": 2016,
              "fingerprint": "muiIRXrkvPfO6nTr",
              "funding": "credit",
              "last4": "1881",
              "metadata": {},
              "name": null,
              "tokenization_method": null
            }
          ],
          "has_more": false,
          "url": "/v1/customers/cus_7QbAaReJ8NlEZS/sources"
        }
    http_version: 
  recorded_at: Sat, 28 Nov 2015 11:53:28 GMT
- request:
    method: post
    uri: https://api.stripe.com/v1/customers/cus_7QbAaReJ8NlEZS/sources/card_17C6lmAR2MipIX2icipA4gC0
    body:
      encoding: US-ASCII
      string: metadata[last_verified]=2015-11-28+11%3A53%3A28+UTC
    headers:
      Accept:
      - "*/*; q=0.5, application/xml"
      Accept-Encoding:
      - gzip, deflate
      User-Agent:
      - Stripe/v1 RubyBindings/1.31.0
      Authorization:
      - Bearer sk_test_Kjoh9ZEB49K8Bsvc1lxWrlNP
      Content-Type:
      - application/x-www-form-urlencoded
      X-Stripe-Client-User-Agent:
      - '{"bindings_version":"1.31.0","lang":"ruby","lang_version":"2.2.3 p173 (2015-08-18)","platform":"x86_64-darwin15","engine":"ruby","publisher":"stripe","uname":"Darwin
        MacBook-Pro-2.local 15.0.0 Darwin Kernel Version 15.0.0: Sat Sep 19 15:53:46
        PDT 2015; root:xnu-3247.10.11~1/RELEASE_X86_64 x86_64","hostname":"MacBook-Pro-2.local"}'
      Content-Length:
      - '51'
  response:
    status:
      code: 200
      message: OK
    headers:
      Server:
      - nginx
      Date:
      - Sat, 28 Nov 2015 11:53:30 GMT
      Content-Type:
      - application/json
      Content-Length:
      - '628'
      Connection:
      - keep-alive
      Access-Control-Allow-Credentials:
      - 'true'
      Access-Control-Allow-Methods:
      - GET, POST, HEAD, OPTIONS, DELETE
      Access-Control-Allow-Origin:
      - "*"
      Access-Control-Max-Age:
      - '300'
      Cache-Control:
      - no-cache, no-store
      Request-Id:
      - req_7QzFqm4k2N6p3j
      Stripe-Version:
      - '2015-02-18'
      Strict-Transport-Security:
      - max-age=31556926; includeSubDomains
    body:
      encoding: UTF-8
      string: |
        {
          "id": "card_17C6lmAR2MipIX2icipA4gC0",
          "object": "card",
          "address_city": null,
          "address_country": null,
          "address_line1": null,
          "address_line1_check": null,
          "address_line2": null,
          "address_state": null,
          "address_zip": null,
          "address_zip_check": null,
          "brand": "Visa",
          "country": "US",
          "customer": "cus_7QbAaReJ8NlEZS",
          "cvc_check": "pass",
          "dynamic_last4": null,
          "exp_month": 11,
          "exp_year": 2016,
          "fingerprint": "rZWf0KlzqKcbIp10",
          "funding": "credit",
          "last4": "4242",
          "metadata": {
            "last_verified": "2015-11-28 11:53:28 UTC"
          },
          "name": null,
          "tokenization_method": null
        }
    http_version: 
  recorded_at: Sat, 28 Nov 2015 11:53:30 GMT
- request:
    method: get
    uri: https://api.stripe.com/v1/customers/cus_7QbAaReJ8NlEZS
    body:
      encoding: US-ASCII
      string: ''
    headers:
      Accept:
      - "*/*; q=0.5, application/xml"
      Accept-Encoding:
      - gzip, deflate
      User-Agent:
      - Stripe/v1 RubyBindings/1.31.0
      Authorization:
      - Bearer sk_test_Kjoh9ZEB49K8Bsvc1lxWrlNP
      Content-Type:
      - application/x-www-form-urlencoded
      X-Stripe-Client-User-Agent:
      - '{"bindings_version":"1.31.0","lang":"ruby","lang_version":"2.2.3 p173 (2015-08-18)","platform":"x86_64-darwin15","engine":"ruby","publisher":"stripe","uname":"Darwin
        MacBook-Pro-2.local 15.0.0 Darwin Kernel Version 15.0.0: Sat Sep 19 15:53:46
        PDT 2015; root:xnu-3247.10.11~1/RELEASE_X86_64 x86_64","hostname":"MacBook-Pro-2.local"}'
  response:
    status:
      code: 200
      message: OK
    headers:
      Server:
      - nginx
      Date:
      - Sat, 28 Nov 2015 11:53:30 GMT
      Content-Type:
      - application/json
      Content-Length:
      - '2238'
      Connection:
      - keep-alive
      Access-Control-Allow-Credentials:
      - 'true'
      Access-Control-Allow-Methods:
      - GET, POST, HEAD, OPTIONS, DELETE
      Access-Control-Allow-Origin:
      - "*"
      Access-Control-Max-Age:
      - '300'
      Cache-Control:
      - no-cache, no-store
      Request-Id:
      - req_7QzFX9yn5Ir4JS
      Stripe-Version:
      - '2015-02-18'
      Strict-Transport-Security:
      - max-age=31556926; includeSubDomains
    body:
      encoding: UTF-8
      string: |
        {
          "id": "cus_7QbAaReJ8NlEZS",
          "object": "customer",
          "account_balance": 0,
          "created": 1448622031,
          "currency": null,
          "default_source": "card_17C6lmAR2MipIX2icipA4gC0",
          "delinquent": false,
          "description": "Company: test@test.com, Signup UUID: HlxTBnjmKKa5ufwvOn0UoQ",
          "discount": null,
          "email": "test@test.com",
          "livemode": false,
          "metadata": {},
          "shipping": null,
          "sources": {
            "object": "list",
            "data": [
              {
                "id": "card_17C6lmAR2MipIX2icipA4gC0",
                "object": "card",
                "address_city": null,
                "address_country": null,
                "address_line1": null,
                "address_line1_check": null,
                "address_line2": null,
                "address_state": null,
                "address_zip": null,
                "address_zip_check": null,
                "brand": "Visa",
                "country": "US",
                "customer": "cus_7QbAaReJ8NlEZS",
                "cvc_check": "pass",
                "dynamic_last4": null,
                "exp_month": 11,
                "exp_year": 2016,
                "fingerprint": "rZWf0KlzqKcbIp10",
                "funding": "credit",
                "last4": "4242",
                "metadata": {
                  "last_verified": "2015-11-28 11:53:28 UTC"
                },
                "name": null,
                "tokenization_method": null
              },
              {
                "id": "card_17C6wQAR2MipIX2iOcCGKqBI",
                "object": "card",
                "address_city": null,
                "address_country": null,
                "address_line1": null,
                "address_line1_check": null,
                "address_line2": null,
                "address_state": null,
                "address_zip": null,
                "address_zip_check": null,
                "brand": "Visa",
                "country": "US",
                "customer": "cus_7QbAaReJ8NlEZS",
                "cvc_check": "pass",
                "dynamic_last4": null,
                "exp_month": 3,
                "exp_year": 2016,
                "fingerprint": "muiIRXrkvPfO6nTr",
                "funding": "credit",
                "last4": "1881",
                "metadata": {},
                "name": null,
                "tokenization_method": null
              }
            ],
            "has_more": false,
            "total_count": 2,
            "url": "/v1/customers/cus_7QbAaReJ8NlEZS/sources"
          },
          "subscriptions": {
            "object": "list",
            "data": [],
            "has_more": false,
            "total_count": 0,
            "url": "/v1/customers/cus_7QbAaReJ8NlEZS/subscriptions"
          }
        }
    http_version: 
  recorded_at: Sat, 28 Nov 2015 11:53:31 GMT
- request:
    method: get
    uri: https://api.stripe.com/v1/customers/cus_7QbAaReJ8NlEZS/sources?object=card
    body:
      encoding: US-ASCII
      string: ''
    headers:
      Accept:
      - "*/*; q=0.5, application/xml"
      Accept-Encoding:
      - gzip, deflate
      User-Agent:
      - Stripe/v1 RubyBindings/1.31.0
      Authorization:
      - Bearer sk_test_Kjoh9ZEB49K8Bsvc1lxWrlNP
      Content-Type:
      - application/x-www-form-urlencoded
      X-Stripe-Client-User-Agent:
      - '{"bindings_version":"1.31.0","lang":"ruby","lang_version":"2.2.3 p173 (2015-08-18)","platform":"x86_64-darwin15","engine":"ruby","publisher":"stripe","uname":"Darwin
        MacBook-Pro-2.local 15.0.0 Darwin Kernel Version 15.0.0: Sat Sep 19 15:53:46
        PDT 2015; root:xnu-3247.10.11~1/RELEASE_X86_64 x86_64","hostname":"MacBook-Pro-2.local"}'
  response:
    status:
      code: 200
      message: OK
    headers:
      Server:
      - nginx
      Date:
      - Sat, 28 Nov 2015 11:53:31 GMT
      Content-Type:
      - application/json
      Content-Length:
      - '1528'
      Connection:
      - keep-alive
      Access-Control-Allow-Credentials:
      - 'true'
      Access-Control-Allow-Methods:
      - GET, POST, HEAD, OPTIONS, DELETE
      Access-Control-Allow-Origin:
      - "*"
      Access-Control-Max-Age:
      - '300'
      Cache-Control:
      - no-cache, no-store
      Request-Id:
      - req_7QzF13aCOrIs9G
      Stripe-Version:
      - '2015-02-18'
      Strict-Transport-Security:
      - max-age=31556926; includeSubDomains
    body:
      encoding: UTF-8
      string: |
        {
          "object": "list",
          "data": [
            {
              "id": "card_17C6lmAR2MipIX2icipA4gC0",
              "object": "card",
              "address_city": null,
              "address_country": null,
              "address_line1": null,
              "address_line1_check": null,
              "address_line2": null,
              "address_state": null,
              "address_zip": null,
              "address_zip_check": null,
              "brand": "Visa",
              "country": "US",
              "customer": "cus_7QbAaReJ8NlEZS",
              "cvc_check": "pass",
              "dynamic_last4": null,
              "exp_month": 11,
              "exp_year": 2016,
              "fingerprint": "rZWf0KlzqKcbIp10",
              "funding": "credit",
              "last4": "4242",
              "metadata": {
                "last_verified": "2015-11-28 11:53:28 UTC"
              },
              "name": null,
              "tokenization_method": null
            },
            {
              "id": "card_17C6wQAR2MipIX2iOcCGKqBI",
              "object": "card",
              "address_city": null,
              "address_country": null,
              "address_line1": null,
              "address_line1_check": null,
              "address_line2": null,
              "address_state": null,
              "address_zip": null,
              "address_zip_check": null,
              "brand": "Visa",
              "country": "US",
              "customer": "cus_7QbAaReJ8NlEZS",
              "cvc_check": "pass",
              "dynamic_last4": null,
              "exp_month": 3,
              "exp_year": 2016,
              "fingerprint": "muiIRXrkvPfO6nTr",
              "funding": "credit",
              "last4": "1881",
              "metadata": {},
              "name": null,
              "tokenization_method": null
            }
          ],
          "has_more": false,
          "url": "/v1/customers/cus_7QbAaReJ8NlEZS/sources"
        }
    http_version: 
  recorded_at: Sat, 28 Nov 2015 11:53:31 GMT
- request:
    method: post
    uri: https://api.stripe.com/v1/customers/cus_7QbAaReJ8NlEZS/sources/card_17C6lmAR2MipIX2icipA4gC0
    body:
      encoding: US-ASCII
      string: metadata[last_verified]=2015-11-28+11%3A53%3A31+UTC
    headers:
      Accept:
      - "*/*; q=0.5, application/xml"
      Accept-Encoding:
      - gzip, deflate
      User-Agent:
      - Stripe/v1 RubyBindings/1.31.0
      Authorization:
      - Bearer sk_test_Kjoh9ZEB49K8Bsvc1lxWrlNP
      Content-Type:
      - application/x-www-form-urlencoded
      X-Stripe-Client-User-Agent:
      - '{"bindings_version":"1.31.0","lang":"ruby","lang_version":"2.2.3 p173 (2015-08-18)","platform":"x86_64-darwin15","engine":"ruby","publisher":"stripe","uname":"Darwin
        MacBook-Pro-2.local 15.0.0 Darwin Kernel Version 15.0.0: Sat Sep 19 15:53:46
        PDT 2015; root:xnu-3247.10.11~1/RELEASE_X86_64 x86_64","hostname":"MacBook-Pro-2.local"}'
      Content-Length:
      - '51'
  response:
    status:
      code: 200
      message: OK
    headers:
      Server:
      - nginx
      Date:
      - Sat, 28 Nov 2015 11:53:32 GMT
      Content-Type:
      - application/json
      Content-Length:
      - '628'
      Connection:
      - keep-alive
      Access-Control-Allow-Credentials:
      - 'true'
      Access-Control-Allow-Methods:
      - GET, POST, HEAD, OPTIONS, DELETE
      Access-Control-Allow-Origin:
      - "*"
      Access-Control-Max-Age:
      - '300'
      Cache-Control:
      - no-cache, no-store
      Request-Id:
      - req_7QzF2MTbRWJ2ct
      Stripe-Version:
      - '2015-02-18'
      Strict-Transport-Security:
      - max-age=31556926; includeSubDomains
    body:
      encoding: UTF-8
      string: |
        {
          "id": "card_17C6lmAR2MipIX2icipA4gC0",
          "object": "card",
          "address_city": null,
          "address_country": null,
          "address_line1": null,
          "address_line1_check": null,
          "address_line2": null,
          "address_state": null,
          "address_zip": null,
          "address_zip_check": null,
          "brand": "Visa",
          "country": "US",
          "customer": "cus_7QbAaReJ8NlEZS",
          "cvc_check": "pass",
          "dynamic_last4": null,
          "exp_month": 11,
          "exp_year": 2016,
          "fingerprint": "rZWf0KlzqKcbIp10",
          "funding": "credit",
          "last4": "4242",
          "metadata": {
            "last_verified": "2015-11-28 11:53:31 UTC"
          },
          "name": null,
          "tokenization_method": null
        }
    http_version: 
  recorded_at: Sat, 28 Nov 2015 11:53:32 GMT
recorded_with: VCR 2.9.3
