---
http_interactions:
- request:
    method: put
    uri: https://storage.datacentred.io/stronghold_usage/3a6a220de-9a92-4320-803a-5fa95492386
    body:
      encoding: UTF-8
      string: '{"complex":{"foo":"bar"}}'
    headers:
      Content-Type:
      - application/json
      Accept-Encoding:
      - gzip;q=1.0,deflate;q=0.6,identity;q=0.3
      Accept:
      - "*/*"
      User-Agent:
      - Ruby
      Date:
      - Tue, 13 Jun 2017 11:59:06 GMT
      Authorization:
      - AWS I9860H3V0MMNO5B3FQSX:3CAXIsuXKEmYc/lZxtOkmWQhnXc=
      Content-Length:
      - '25'
  response:
    status:
      code: 200
      message: OK
    headers:
      Date:
      - Tue, 13 Jun 2017 11:59:06 GMT
      Server:
      - Apache/2.4.7 (Ubuntu)
      Etag:
      - '"c94cf98f6e1072a4d996eefc70c765cc"'
      Accept-Ranges:
      - bytes
      X-Amz-Request-Id:
      - tx00000000000000005c6a9-00593fd38a-e6a31a3-uk-sal01
      Content-Length:
      - '0'
      Strict-Transport-Security:
      - max-age=31536000
    body:
      encoding: UTF-8
      string: ''
    http_version: 
  recorded_at: Tue, 13 Jun 2017 11:59:06 GMT
- request:
    method: get
    uri: https://storage.datacentred.io/stronghold_usage/3a6a220de-9a92-4320-803a-5fa95492386?AWSAccessKeyId=I9860H3V0MMNO5B3FQSX&Expires=1497355447&Signature=cJ2lXQ8HJKtfodx5EVMS4VXRlzE=
    body:
      encoding: US-ASCII
      string: ''
    headers:
      Accept-Encoding:
      - gzip;q=1.0,deflate;q=0.6,identity;q=0.3
      Accept:
      - "*/*"
      User-Agent:
      - Ruby
  response:
    status:
      code: 200
      message: OK
    headers:
      Date:
      - Tue, 13 Jun 2017 11:59:07 GMT
      Server:
      - Apache/2.4.7 (Ubuntu)
      Accept-Ranges:
      - bytes
      Last-Modified:
      - Tue, 13 Jun 2017 11:59:06 GMT
      Etag:
      - '"c94cf98f6e1072a4d996eefc70c765cc"'
      X-Amz-Request-Id:
      - tx00000000000000005c667-00593fd38b-e1c7939-uk-sal01
      Vary:
      - Accept-Encoding
      Transfer-Encoding:
      - chunked
      Content-Type:
      - application/json
      Strict-Transport-Security:
      - max-age=31536000
    body:
      encoding: ASCII-8BIT
      string: '{"complex":{"foo":"bar"}}'
    http_version: 
  recorded_at: Tue, 13 Jun 2017 11:59:07 GMT
- request:
    method: get
    uri: https://storage.datacentred.io/stronghold_usage/3a6a220de-9a92-4320-803a-5fa95492386?AWSAccessKeyId=I9860H3V0MMNO5B3FQSX&Expires=1497355447&Signature=cJ2lXQ8HJKtfodx5EVMS4VXRlzE=
    body:
      encoding: US-ASCII
      string: ''
    headers:
      Accept-Encoding:
      - gzip;q=1.0,deflate;q=0.6,identity;q=0.3
      Accept:
      - "*/*"
      User-Agent:
      - Ruby
  response:
    status:
      code: 200
      message: OK
    headers:
      Date:
      - Tue, 13 Jun 2017 11:59:07 GMT
      Server:
      - Apache/2.4.7 (Ubuntu)
      Accept-Ranges:
      - bytes
      Last-Modified:
      - Tue, 13 Jun 2017 11:59:06 GMT
      Etag:
      - '"c94cf98f6e1072a4d996eefc70c765cc"'
      X-Amz-Request-Id:
      - tx00000000000000005c6aa-00593fd38b-e6a31a3-uk-sal01
      Vary:
      - Accept-Encoding
      Transfer-Encoding:
      - chunked
      Content-Type:
      - application/json
      Strict-Transport-Security:
      - max-age=31536000
    body:
      encoding: ASCII-8BIT
      string: '{"complex":{"foo":"bar"}}'
    http_version: 
  recorded_at: Tue, 13 Jun 2017 11:59:07 GMT
- request:
    method: put
    uri: https://storage.datacentred.io/stronghold_usage/3a6a220de-9a92-4320-803a-5fa95492386
    body:
      encoding: UTF-8
      string: '{"something":"else"}'
    headers:
      Content-Type:
      - application/json
      Accept-Encoding:
      - gzip;q=1.0,deflate;q=0.6,identity;q=0.3
      Accept:
      - "*/*"
      User-Agent:
      - Ruby
      Date:
      - Tue, 13 Jun 2017 11:59:07 GMT
      Authorization:
      - AWS I9860H3V0MMNO5B3FQSX:0ZItAHbOfjKnuUOsfSjV0A13ycg=
      Content-Length:
      - '20'
  response:
    status:
      code: 200
      message: OK
    headers:
      Date:
      - Tue, 13 Jun 2017 11:59:07 GMT
      Server:
      - Apache/2.4.7 (Ubuntu)
      Etag:
      - '"1521cb63d9db1054200045580ee5422a"'
      Accept-Ranges:
      - bytes
      X-Amz-Request-Id:
      - tx00000000000000005c668-00593fd38b-e1c7939-uk-sal01
      Content-Length:
      - '0'
      Strict-Transport-Security:
      - max-age=31536000
    body:
      encoding: UTF-8
      string: ''
    http_version: 
  recorded_at: Tue, 13 Jun 2017 11:59:08 GMT
- request:
    method: get
    uri: https://storage.datacentred.io/stronghold_usage/3a6a220de-9a92-4320-803a-5fa95492386?AWSAccessKeyId=I9860H3V0MMNO5B3FQSX&Expires=1497355448&Signature=42lbSs4Cf1TUTAy1/8bemmA4TCE=
    body:
      encoding: US-ASCII
      string: ''
    headers:
      Accept-Encoding:
      - gzip;q=1.0,deflate;q=0.6,identity;q=0.3
      Accept:
      - "*/*"
      User-Agent:
      - Ruby
  response:
    status:
      code: 200
      message: OK
    headers:
      Date:
      - Tue, 13 Jun 2017 11:59:08 GMT
      Server:
      - Apache/2.4.7 (Ubuntu)
      Accept-Ranges:
      - bytes
      Last-Modified:
      - Tue, 13 Jun 2017 11:59:07 GMT
      Etag:
      - '"1521cb63d9db1054200045580ee5422a"'
      X-Amz-Request-Id:
      - tx00000000000000005c669-00593fd38c-e1c7939-uk-sal01
      Vary:
      - Accept-Encoding
      Transfer-Encoding:
      - chunked
      Content-Type:
      - application/json
      Strict-Transport-Security:
      - max-age=31536000
    body:
      encoding: ASCII-8BIT
      string: '{"something":"else"}'
    http_version: 
  recorded_at: Tue, 13 Jun 2017 11:59:08 GMT
- request:
    method: get
    uri: https://storage.datacentred.io/stronghold_usage/3a6a220de-9a92-4320-803a-5fa95492386?AWSAccessKeyId=I9860H3V0MMNO5B3FQSX&Expires=1497355448&Signature=42lbSs4Cf1TUTAy1/8bemmA4TCE=
    body:
      encoding: US-ASCII
      string: ''
    headers:
      Accept-Encoding:
      - gzip;q=1.0,deflate;q=0.6,identity;q=0.3
      Accept:
      - "*/*"
      User-Agent:
      - Ruby
  response:
    status:
      code: 200
      message: OK
    headers:
      Date:
      - Tue, 13 Jun 2017 11:59:08 GMT
      Server:
      - Apache/2.4.7 (Ubuntu)
      Accept-Ranges:
      - bytes
      Last-Modified:
      - Tue, 13 Jun 2017 11:59:07 GMT
      Etag:
      - '"1521cb63d9db1054200045580ee5422a"'
      X-Amz-Request-Id:
      - tx00000000000000005c6ac-00593fd38c-e6a31a3-uk-sal01
      Vary:
      - Accept-Encoding
      Transfer-Encoding:
      - chunked
      Content-Type:
      - application/json
      Strict-Transport-Security:
      - max-age=31536000
    body:
      encoding: ASCII-8BIT
      string: '{"something":"else"}'
    http_version: 
  recorded_at: Tue, 13 Jun 2017 11:59:08 GMT
- request:
    method: delete
    uri: https://storage.datacentred.io/stronghold_usage/3a6a220de-9a92-4320-803a-5fa95492386
    body:
      encoding: US-ASCII
      string: ''
    headers:
      Accept-Encoding:
      - gzip;q=1.0,deflate;q=0.6,identity;q=0.3
      Accept:
      - "*/*"
      User-Agent:
      - Ruby
      Content-Type:
      - binary/octet-stream
      Date:
      - Tue, 13 Jun 2017 11:59:08 GMT
      Authorization:
      - AWS I9860H3V0MMNO5B3FQSX:wvwVp8/OJu9xwhIW7fQSgVC5ybw=
      Content-Length:
      - '0'
  response:
    status:
      code: 204
      message: No Content
    headers:
      Date:
      - Tue, 13 Jun 2017 11:59:08 GMT
      Server:
      - Apache/2.4.7 (Ubuntu)
      X-Amz-Request-Id:
      - tx00000000000000005c66a-00593fd38c-e1c7939-uk-sal01
      Strict-Transport-Security:
      - max-age=31536000
    body:
      encoding: UTF-8
      string: ''
    http_version: 
  recorded_at: Tue, 13 Jun 2017 11:59:08 GMT
- request:
    method: get
    uri: https://storage.datacentred.io/stronghold_usage/3a6a220de-9a92-4320-803a-5fa95492386?AWSAccessKeyId=I9860H3V0MMNO5B3FQSX&Expires=1497355448&Signature=42lbSs4Cf1TUTAy1/8bemmA4TCE=
    body:
      encoding: US-ASCII
      string: ''
    headers:
      Accept-Encoding:
      - gzip;q=1.0,deflate;q=0.6,identity;q=0.3
      Accept:
      - "*/*"
      User-Agent:
      - Ruby
  response:
    status:
      code: 404
      message: Not Found
    headers:
      Date:
      - Tue, 13 Jun 2017 11:59:08 GMT
      Server:
      - Apache/2.4.7 (Ubuntu)
      X-Amz-Request-Id:
      - tx00000000000000005c6ad-00593fd38c-e6a31a3-uk-sal01
      Accept-Ranges:
      - bytes
      Content-Length:
      - '226'
      Content-Type:
      - application/xml
      Strict-Transport-Security:
      - max-age=31536000
    body:
      encoding: UTF-8
      string: <?xml version="1.0" encoding="UTF-8"?><Error><Code>NoSuchKey</Code><BucketName>stronghold_usage</BucketName><RequestId>tx00000000000000005c6ad-00593fd38c-e6a31a3-uk-sal01</RequestId><HostId>e6a31a3-uk-sal01-uk</HostId></Error>
    http_version: 
  recorded_at: Tue, 13 Jun 2017 11:59:08 GMT
recorded_with: VCR 2.9.3
